// Jest Snapshot v1, https://goo.gl/fbAQLP

exports[`AvatarAccount should render correctly 1`] = `
<div>
  <div
    class="box mm-avatar-base mm-avatar-base--size-md mm-avatar-account box--flex-direction-row box--color-text-default box--background-color-background-alternative box--border-color-border-default box--border-style-solid box--border-width-1"
    data-testid="avatar-account"
  >
    <div
      class="mm-avatar-account__jazzicon"
    >
      <div
        style="border-radius: 50px; overflow: hidden; padding: 0px; margin: 0px; display: inline-block; background: rgb(249, 108, 1);"
      >
        <svg
          height="NaN"
          width="NaN"
          x="0"
          y="0"
        >
          <rect
            fill="#F2CA02"
            height="NaN"
            transform="translate(NaN NaN) rotate(529.4 NaN NaN)"
            width="NaN"
            x="0"
            y="0"
          />
          <rect
            fill="#FAA200"
            height="NaN"
            transform="translate(NaN NaN) rotate(336.9 NaN NaN)"
            width="NaN"
            x="0"
            y="0"
          />
          <rect
            fill="#C8142C"
            height="NaN"
            transform="translate(NaN NaN) rotate(276.6 NaN NaN)"
            width="NaN"
            x="0"
            y="0"
          />
        </svg>
      </div>
    </div>
  </div>
</div>
`;
